arth_coder@Aditya-Ajey-HP-255-G8-Notebook-PC:~/Documents/media.net$ git status
On branch main
Your branch is up to date with 'origin/main'.

nothing to commit, working tree clean
darth_coder@Aditya-Ajey-HP-255-G8-Notebook-PC:~/Documents/media.net$ git branch practice
darth_coder@Aditya-Ajey-HP-255-G8-Notebook-PC:~/Documents/media.net$ git branch
* main
  practice
darth_coder@Aditya-Ajey-HP-255-G8-Notebook-PC:~/Documents/media.net$ git checkout practice 
Switched to branch 'practice'
darth_coder@Aditya-Ajey-HP-255-G8-Notebook-PC:~/Documents/media.net$ git status
On branch practice
nothing to commit, working tree clean
